103,1,1,1
101,2,3,2
103,1,1,2
107,2,8,2
101,2,3,3
102,3,4,3
103,1,1,3
107,2,8,3
101,2,3,4
102,3,4,4
103,1,1,4
107,2,8,4
101,2,3,5
102,3,4,5
103,1,1,5
107,2,8,5
101,2,3,6
102,3,4,6
103,1,1,6
107,2,8,6